2026-07-05 22:05:15.949 | INFO     | app.main:lifespan:31 - KinVoice 后端启动中... APP_NAME=KinVoice
2026-07-05 22:05:50.106 | INFO     | app.main:lifespan:31 - KinVoice 后端启动中... APP_NAME=KinVoice
2026-07-05 22:08:10.375 | INFO     | app.api.chat:chat_endpoint:220 - 收到对话: user_id=cf6a9d04-4cfe-457e-ab79-30e2f89b614f, msg_len=2, conv_id=1783217766931, family_id=None
2026-07-05 22:08:10.434 | INFO     | app.api.chat:get_or_create_conversation:57 - 会话 1783217766931 未找到（可能为前端本地 ID），创建新会话
2026-07-05 22:08:50.590 | INFO     | app.api.auth:register:41 - 新用户注册: username=123, id=25ca7fd8-1528-4b88-85c5-ef4cd69e303d
2026-07-05 22:08:50.628 | INFO     | app.services.family_service:create_group:99 - 创建家庭组: id=497QJZM2, created_by=25ca7fd8-1528-4b88-85c5-ef4cd69e303d
2026-07-05 22:09:37.992 | INFO     | app.services.family_service:leave_group:172 - 家庭组 497QJZM2 已无成员，自动解散
2026-07-05 22:09:37.992 | INFO     | app.services.family_service:leave_group:174 - 用户 25ca7fd8-1528-4b88-85c5-ef4cd69e303d 退出家庭组 497QJZM2
2026-07-05 22:09:38.007 | INFO     | app.api.family:api_leave_group:116 - 用户 25ca7fd8-1528-4b88-85c5-ef4cd69e303d 已退出家庭组 497QJZM2
2026-07-05 22:09:40.371 | INFO     | app.services.family_service:create_group:99 - 创建家庭组: id=M6DGC6SH, created_by=25ca7fd8-1528-4b88-85c5-ef4cd69e303d
2026-07-05 22:10:19.868 | INFO     | app.api.chatroom:send_message:154 - 聊天消息: conv=13, type=group, sender=25ca7fd8-1528-4b88-85c5-ef4cd69e303d
2026-07-05 22:24:24.531 | INFO     | app.main:lifespan:33 - KinVoice 后端已关闭
2026-07-05 22:24:27.186 | INFO     | app.main:lifespan:31 - KinVoice 后端启动中... APP_NAME=KinVoice
2026-07-05 22:24:32.537 | INFO     | app.main:lifespan:33 - KinVoice 后端已关闭
2026-07-05 22:24:35.310 | INFO     | app.main:lifespan:33 - KinVoice 后端启动中... APP_NAME=KinVoice
2026-07-05 22:24:42.492 | INFO     | app.main:lifespan:35 - KinVoice 后端已关闭
2026-07-05 22:24:44.810 | INFO     | app.main:lifespan:33 - KinVoice 后端启动中... APP_NAME=KinVoice
2026-07-05 22:28:57.960 | INFO     | app.api.nvc:nvc_convert:89 - [NVC] 收到转换请求: user=25ca7fd8-1528-4b88-85c5-ef4cd69e303d, len=4
2026-07-05 22:29:02.920 | INFO     | app.api.nvc:nvc_convert:116 - [NVC] 转换成功: user=25ca7fd8-1528-4b88-85c5-ef4cd69e303d
2026-07-05 22:29:46.969 | INFO     | app.api.nvc:nvc_convert:89 - [NVC] 收到转换请求: user=25ca7fd8-1528-4b88-85c5-ef4cd69e303d, len=4
2026-07-05 22:29:52.457 | INFO     | app.api.nvc:nvc_convert:116 - [NVC] 转换成功: user=25ca7fd8-1528-4b88-85c5-ef4cd69e303d
2026-07-05 22:35:42.316 | INFO     | app.api.chat:chat_endpoint:220 - 收到对话: user_id=25ca7fd8-1528-4b88-85c5-ef4cd69e303d, msg_len=2, conv_id=12, family_id=M6DGC6SH
2026-07-05 22:35:42.341 | INFO     | app.api.chat:get_or_create_conversation:57 - 会话 12 未找到（可能为前端本地 ID），创建新会话
2026-07-05 22:41:26.476 | INFO     | app.api.memory:create_folder:74 - 创建文件夹: id=2 name=你好
2026-07-05 22:41:57.100 | INFO     | app.api.nvc:nvc_convert:89 - [NVC] 收到转换请求: user=25ca7fd8-1528-4b88-85c5-ef4cd69e303d, len=4
2026-07-05 22:42:01.470 | INFO     | app.api.nvc:nvc_convert:116 - [NVC] 转换成功: user=25ca7fd8-1528-4b88-85c5-ef4cd69e303d
2026-07-05 22:49:44.739 | INFO     | app.main:lifespan:33 - KinVoice 后端启动中... APP_NAME=KinVoice
2026-07-05 22:50:19.847 | INFO     | app.main:lifespan:33 - KinVoice 后端启动中... APP_NAME=KinVoice
